System Health Report - 2025-10-27 16:31:38
-----------------------------------

CPU Usage:
%Cpu(s):  0.0 us,  0.7 sy,  0.0 ni, 99.3 id,  0.0 wa,  0.0 hi,  0.0 si,  0.0 st 

Memory Usage:
               total        used        free      shared  buff/cache   available
Mem:           7.6Gi       418Mi       7.2Gi       2.9Mi       103Mi       7.2Gi
Swap:          2.0Gi          0B       2.0Gi

Disk Usage:
Filesystem      Size  Used Avail Use% Mounted on
none            3.8G     0  3.8G   0% /usr/lib/modules/6.6.87.2-microsoft-standard-WSL2
none            3.8G  4.0K  3.8G   1% /mnt/wsl
drivers         476G   88G  389G  19% /usr/lib/wsl/drivers
/dev/sdd       1007G  2.0G  954G   1% /
none            3.8G   76K  3.8G   1% /mnt/wslg
none            3.8G     0  3.8G   0% /usr/lib/wsl/lib
rootfs          3.8G  2.7M  3.8G   1% /init
none            3.8G     0  3.8G   0% /run
none            3.8G     0  3.8G   0% /run/lock
none            3.8G     0  3.8G   0% /run/shm
none            3.8G     0  3.8G   0% /run/user
none            3.8G   76K  3.8G   1% /mnt/wslg/versions.txt
none            3.8G   76K  3.8G   1% /mnt/wslg/doc
C:\             476G   88G  389G  19% /mnt/c

Top 5 Processes:
USER       PID %CPU %MEM    VSZ   RSS TTY      STAT START   TIME COMMAND
afra        10  0.0  0.0   6072  4992 pts/0    Ss   16:18   0:00 -bash
afra        81  0.0  0.0   8280  4096 pts/0    R+   16:31   0:00 ps aux --sort=-%mem
afra        74  3.0  0.0   4752  3328 pts/0    S+   16:31   0:00 /bin/bash ./monitor.sh
root         1  0.0  0.0   3072  2176 hvc0     Sl+  16:18   0:00 /init
root         5  0.0  0.0   3072  1792 hvc0     Sl+  16:18   0:00 plan9 --control-socket 6 --log-level 4 --server-fd 7 --pipe-fd 9 --log-truncate

Logged in users:

System Uptime:
 16:31:38 up 12 min,  0 user,  load average: 0.00, 0.00, 0.00

